[1;35marchive.tar.zst{Hello.bat}[m[1;36m:[m1
[1;35marchive.tar.zst{Hello.class}[m[1;36m:[m1
[1;35marchive.tar.zst{Hello.java}[m[1;36m:[m2
[1;35marchive.tar.zst{Hello.pdf}[m[1;36m:[m1
[1;35marchive.tar.zst{Hello.sh}[m[1;36m:[m1
[1;35marchive.tar.zst{Hello.txt}[m[1;36m:[m1
[1;35marchive.tar.zst{empty.txt}[m[1;36m:[m0
