[1;35marchive.tzst{Hello.bat}[m[1;36m:[m1
[1;35marchive.tzst{Hello.class}[m[1;36m:[m1
[1;35marchive.tzst{Hello.java}[m[1;36m:[m2
[1;35marchive.tzst{Hello.pdf}[m[1;36m:[m1
[1;35marchive.tzst{Hello.sh}[m[1;36m:[m1
[1;35marchive.tzst{Hello.txt}[m[1;36m:[m1
[1;35marchive.tzst{empty.txt}[m[1;36m:[m0
