"Hello.bat",1
"Hello.class",1
"Hello.java",4
"Hello.pdf",73
"Hello.sh",1
"Hello.txt",0
