[1;35mHello.bat[m[1;36m:[m1
[1;35mHello.java[m[1;36m:[m3
[1;35mHello.sh[m[1;36m:[m1
[1;35mHello.txt[m[1;36m:[m1
