"Hello.bat",1
"Hello.class",6
"Hello.java",3
"Hello.pdf",61
"Hello.sh",1
"Hello.txt",0
