[1;35mHello.bat[m[1;36m:[m2
[1;35mHello.java[m[1;36m:[m7
[1;35mHello.sh[m[1;36m:[m2
[1;35mHello.txt[m[1;36m:[m0
