"Hello.bat",1
"Hello.class",2
"Hello.java",8
"Hello.pdf",165
"Hello.sh",1
"Hello.txt",0
