[1;35mHello.java[m[1;36m:[m[m[1;4;32mimport java.lang.*;[m
[1;35mHello.pdf[m[1;36m:[m[m[1;4;32m0 21[m
